MPLINK 4.30.01, Linker
Linker Map File - Created Tue Jun 23 16:32:12 2009

                                 Section Info
                  Section       Type    Address   Location Size(Bytes)
                ---------  ---------  ---------  ---------  ---------
                   .org_0       code   0x000000    program   0x000002
                   .cinit    romdata   0x000001    program   0x000004
                   .org_1       code   0x000004    program   0x000036
                  .config       code   0x002007    program   0x000002



                              Program Memory Usage 
                               Start         End      
                           ---------   ---------      
                            0x000000    0x000002      
                            0x000004    0x00001e      
                            0x002007    0x002007      
            31 out of 2182 program addresses used, program memory utilization is 1%



                              Symbols - Sorted by Name
                     Name    Address   Location    Storage File                     
                ---------  ---------  ---------  --------- ---------                
                   clrpb0   0x00001a    program     static F:\Rafa - Documentos\fontes\senai\projetos\curso - 628\exemplos\main.asm
                   inicio   0x000005    program     static F:\Rafa - Documentos\fontes\senai\projetos\curso - 628\exemplos\main.asm
               loop_Princ   0x000011    program     static F:\Rafa - Documentos\fontes\senai\projetos\curso - 628\exemplos\main.asm
                     sai1   0x00001e    program     static F:\Rafa - Documentos\fontes\senai\projetos\curso - 628\exemplos\main.asm
                   setpb0   0x000016    program     static F:\Rafa - Documentos\fontes\senai\projetos\curso - 628\exemplos\main.asm



                              Symbols - Sorted by Address
                     Name    Address   Location    Storage File                     
                ---------  ---------  ---------  --------- ---------                
                   inicio   0x000005    program     static F:\Rafa - Documentos\fontes\senai\projetos\curso - 628\exemplos\main.asm
               loop_Princ   0x000011    program     static F:\Rafa - Documentos\fontes\senai\projetos\curso - 628\exemplos\main.asm
                   setpb0   0x000016    program     static F:\Rafa - Documentos\fontes\senai\projetos\curso - 628\exemplos\main.asm
                   clrpb0   0x00001a    program     static F:\Rafa - Documentos\fontes\senai\projetos\curso - 628\exemplos\main.asm
                     sai1   0x00001e    program     static F:\Rafa - Documentos\fontes\senai\projetos\curso - 628\exemplos\main.asm


