MPLINK 4.30.01, Linker
Linker Map File - Created Wed Jun 24 12:51:11 2009

                                 Section Info
                  Section       Type    Address   Location Size(Bytes)
                ---------  ---------  ---------  ---------  ---------
             RESET_VECTOR       code   0x000000    program   0x000002
                   .cinit    romdata   0x000001    program   0x000004
               INT_VECTOR       code   0x000004    program   0x000010
                     MAIN       code   0x00000c    program   0x000008
                  .config       code   0x002007    program   0x000002
                  INT_VAR      udata   0x000071       data   0x000002
                 TEMP_VAR      udata   0x000120       data   0x000001
                   G_DATA      udata   0x000121       data   0x000001



                              Program Memory Usage 
                               Start         End      
                           ---------   ---------      
                            0x000000    0x000002      
                            0x000004    0x00000f      
                            0x002007    0x002007      
            16 out of 2183 program addresses used, program memory utilization is 0%



                              Symbols - Sorted by Name
                     Name    Address   Location    Storage File                     
                ---------  ---------  ---------  --------- ---------                
                    start   0x00000c    program     static F:\Rafa - Documentos\fontes\senai\projetos\curso - 628\exemplos\teste\teste.asm
                    count   0x000121       data     static F:\Rafa - Documentos\fontes\senai\projetos\curso - 628\exemplos\teste\teste.asm
                     flag   0x000121       data     static F:\Rafa - Documentos\fontes\senai\projetos\curso - 628\exemplos\teste\teste.asm
              status_temp   0x000072       data     static F:\Rafa - Documentos\fontes\senai\projetos\curso - 628\exemplos\teste\teste.asm
               temp_count   0x000120       data     static F:\Rafa - Documentos\fontes\senai\projetos\curso - 628\exemplos\teste\teste.asm
                   w_temp   0x000071       data     static F:\Rafa - Documentos\fontes\senai\projetos\curso - 628\exemplos\teste\teste.asm



                              Symbols - Sorted by Address
                     Name    Address   Location    Storage File                     
                ---------  ---------  ---------  --------- ---------                
                    start   0x00000c    program     static F:\Rafa - Documentos\fontes\senai\projetos\curso - 628\exemplos\teste\teste.asm
                   w_temp   0x000071       data     static F:\Rafa - Documentos\fontes\senai\projetos\curso - 628\exemplos\teste\teste.asm
              status_temp   0x000072       data     static F:\Rafa - Documentos\fontes\senai\projetos\curso - 628\exemplos\teste\teste.asm
               temp_count   0x000120       data     static F:\Rafa - Documentos\fontes\senai\projetos\curso - 628\exemplos\teste\teste.asm
                    count   0x000121       data     static F:\Rafa - Documentos\fontes\senai\projetos\curso - 628\exemplos\teste\teste.asm
                     flag   0x000121       data     static F:\Rafa - Documentos\fontes\senai\projetos\curso - 628\exemplos\teste\teste.asm


